======================================================================
📚 Loading ALL CBSE Syllabi - Class 1 to 10
======================================================================

📊 Total to load: 43 subject syllabi
⏱️  Estimated time: 3-5 minutes


======================================================================
📖 Class 1 (3 subjects)
======================================================================

   Loading: English...
🔄 Fetching fresh syllabus for Class 1 - English...
⚠️  Catalog entry not found for English, triggering discovery...

============================================================
🔍 Discovering CBSE Syllabus Catalog for 2025-26
============================================================

✅ Found curriculum page: https://cbseacademic.nic.in/curriculum_2025.html
📚 Found 28 syllabus PDFs

  ⏭️  Skipping English (secondary) - already exists
  ⏭️  Skipping English (secondary) - already exists
  ⏭️  Skipping Hindi (secondary) - already exists
  ⏭️  Skipping Hindi (secondary) - already exists
  ⏭️  Skipping Mathematics (secondary) - already exists
  ⏭️  Skipping Science (secondary) - already exists
  ⏭️  Skipping Science (secondary) - already exists
  ⏭️  Skipping Science (secondary) - already exists
  ⏭️  Skipping Accountancy (secondary) - already exists
  ⏭️  Skipping Hindi (secondary) - already exists
  ⏭️  Skipping Hindi (secondary) - already exists
  ⏭️  Skipping English (secondary) - already exists
  ⏭️  Skipping English (secondary) - already exists
  ⏭️  Skipping Accountancy (secondary) - already exists
  ⏭️  Skipping Biology (secondary) - already exists
  ⏭️  Skipping Business Studies (secondary) - already exists
  ⏭️  Skipping Chemistry (secondary) - already exists
  ⏭️  Skipping Science (secondary) - already exists
  ⏭️  Skipping Economics (secondary) - already exists
  ⏭️  Skipping Geography (secondary) - already exists
  ⏭️  Skipping History (secondary) - already exists
  ⏭️  Skipping Science (secondary) - already exists
  ⏭️  Skipping Mathematics (secondary) - already exists
  ⏭️  Skipping Mathematics (secondary) - already exists
  ⏭️  Skipping Physics (secondary) - already exists
  ⏭️  Skipping Science (secondary) - already exists
  ⏭️  Skipping Psychology (secondary) - already exists
  ⏭️  Skipping Sociology (secondary) - already exists

============================================================
✅ Catalog discovery completed!
   Added/Updated: 0 entries
   Duration: 2367ms
============================================================

  ⚠️  No catalog entry found for Class 1 - English
  ❌ Fetch and store failed: No PDF URL found in catalog
   ⚠️  Could not load (may not be available)

   Loading: Hindi...
🔄 Fetching fresh syllabus for Class 1 - Hindi...
⚠️  Catalog entry not found for Hindi, triggering discovery...

============================================================
🔍 Discovering CBSE Syllabus Catalog for 2025-26
============================================================

✅ Found curriculum page: https://cbseacademic.nic.in/curriculum_2025.html
📚 Found 28 syllabus PDFs

  ⏭️  Skipping English (secondary) - already exists
  ⏭️  Skipping English (secondary) - already exists
  ⏭️  Skipping Hindi (secondary) - already exists
  ⏭️  Skipping Hindi (secondary) - already exists
  ⏭️  Skipping Mathematics (secondary) - already exists
  ⏭️  Skipping Science (secondary) - already exists
  ⏭️  Skipping Science (secondary) - already exists
  ⏭️  Skipping Science (secondary) - already exists
  ⏭️  Skipping Accountancy (secondary) - already exists
  ⏭️  Skipping Hindi (secondary) - already exists
  ⏭️  Skipping Hindi (secondary) - already exists
  ⏭️  Skipping English (secondary) - already exists
  ⏭️  Skipping English (secondary) - already exists
  ⏭️  Skipping Accountancy (secondary) - already exists
  ⏭️  Skipping Biology (secondary) - already exists
  ⏭️  Skipping Business Studies (secondary) - already exists
  ⏭️  Skipping Chemistry (secondary) - already exists
  ⏭️  Skipping Science (secondary) - already exists
  ⏭️  Skipping Economics (secondary) - already exists
  ⏭️  Skipping Geography (secondary) - already exists
  ⏭️  Skipping History (secondary) - already exists
  ⏭️  Skipping Science (secondary) - already exists
  ⏭️  Skipping Mathematics (secondary) - already exists
  ⏭️  Skipping Mathematics (secondary) - already exists
  ⏭️  Skipping Physics (secondary) - already exists
  ⏭️  Skipping Science (secondary) - already exists
  ⏭️  Skipping Psychology (secondary) - already exists
  ⏭️  Skipping Sociology (secondary) - already exists

============================================================
✅ Catalog discovery completed!
   Added/Updated: 0 entries
   Duration: 1880ms
============================================================

  ⚠️  No catalog entry found for Class 1 - Hindi
  ❌ Fetch and store failed: No PDF URL found in catalog
   ⚠️  Could not load (may not be available)

   Loading: Mathematics...
🔄 Fetching fresh syllabus for Class 1 - Mathematics...
⚠️  Catalog entry not found for Mathematics, triggering discovery...

============================================================
🔍 Discovering CBSE Syllabus Catalog for 2025-26
============================================================

✅ Found curriculum page: https://cbseacademic.nic.in/curriculum_2025.html
📚 Found 28 syllabus PDFs

  ⏭️  Skipping English (secondary) - already exists
  ⏭️  Skipping English (secondary) - already exists
  ⏭️  Skipping Hindi (secondary) - already exists
  ⏭️  Skipping Hindi (secondary) - already exists
  ⏭️  Skipping Mathematics (secondary) - already exists
  ⏭️  Skipping Science (secondary) - already exists
  ⏭️  Skipping Science (secondary) - already exists
  ⏭️  Skipping Science (secondary) - already exists
  ⏭️  Skipping Accountancy (secondary) - already exists
  ⏭️  Skipping Hindi (secondary) - already exists
  ⏭️  Skipping Hindi (secondary) - already exists
  ⏭️  Skipping English (secondary) - already exists
  ⏭️  Skipping English (secondary) - already exists
  ⏭️  Skipping Accountancy (secondary) - already exists
  ⏭️  Skipping Biology (secondary) - already exists
  ⏭️  Skipping Business Studies (secondary) - already exists
  ⏭️  Skipping Chemistry (secondary) - already exists
  ⏭️  Skipping Science (secondary) - already exists
  ⏭️  Skipping Economics (secondary) - already exists
  ⏭️  Skipping Geography (secondary) - already exists
  ⏭️  Skipping History (secondary) - already exists
  ⏭️  Skipping Science (secondary) - already exists
  ⏭️  Skipping Mathematics (secondary) - already exists
  ⏭️  Skipping Mathematics (secondary) - already exists
  ⏭️  Skipping Physics (secondary) - already exists
  ⏭️  Skipping Science (secondary) - already exists
  ⏭️  Skipping Psychology (secondary) - already exists
  ⏭️  Skipping Sociology (secondary) - already exists

============================================================
✅ Catalog discovery completed!
   Added/Updated: 0 entries
   Duration: 1946ms
============================================================

  ⚠️  No catalog entry found for Class 1 - Mathematics
  ❌ Fetch and store failed: No PDF URL found in catalog
   ⚠️  Could not load (may not be available)

======================================================================
📖 Class 2 (3 subjects)
======================================================================

   Loading: English...
🔄 Fetching fresh syllabus for Class 2 - English...
⚠️  Catalog entry not found for English, triggering discovery...

============================================================
🔍 Discovering CBSE Syllabus Catalog for 2025-26
============================================================

✅ Found curriculum page: https://cbseacademic.nic.in/curriculum_2025.html
📚 Found 28 syllabus PDFs

  ⏭️  Skipping English (secondary) - already exists
  ⏭️  Skipping English (secondary) - already exists
  ⏭️  Skipping Hindi (secondary) - already exists
  ⏭️  Skipping Hindi (secondary) - already exists
  ⏭️  Skipping Mathematics (secondary) - already exists
  ⏭️  Skipping Science (secondary) - already exists
  ⏭️  Skipping Science (secondary) - already exists
  ⏭️  Skipping Science (secondary) - already exists
  ⏭️  Skipping Accountancy (secondary) - already exists
  ⏭️  Skipping Hindi (secondary) - already exists
  ⏭️  Skipping Hindi (secondary) - already exists
  ⏭️  Skipping English (secondary) - already exists
  ⏭️  Skipping English (secondary) - already exists
  ⏭️  Skipping Accountancy (secondary) - already exists
  ⏭️  Skipping Biology (secondary) - already exists
  ⏭️  Skipping Business Studies (secondary) - already exists
  ⏭️  Skipping Chemistry (secondary) - already exists
  ⏭️  Skipping Science (secondary) - already exists
  ⏭️  Skipping Economics (secondary) - already exists
  ⏭️  Skipping Geography (secondary) - already exists
  ⏭️  Skipping History (secondary) - already exists
  ⏭️  Skipping Science (secondary) - already exists
  ⏭️  Skipping Mathematics (secondary) - already exists
  ⏭️  Skipping Mathematics (secondary) - already exists
  ⏭️  Skipping Physics (secondary) - already exists
  ⏭️  Skipping Science (secondary) - already exists
  ⏭️  Skipping Psychology (secondary) - already exists
  ⏭️  Skipping Sociology (secondary) - already exists

============================================================
✅ Catalog discovery completed!
   Added/Updated: 0 entries
   Duration: 2027ms
============================================================

  ⚠️  No catalog entry found for Class 2 - English
  ❌ Fetch and store failed: No PDF URL found in catalog
   ⚠️  Could not load (may not be available)

   Loading: Hindi...
🔄 Fetching fresh syllabus for Class 2 - Hindi...
⚠️  Catalog entry not found for Hindi, triggering discovery...

============================================================
🔍 Discovering CBSE Syllabus Catalog for 2025-26
============================================================

✅ Found curriculum page: https://cbseacademic.nic.in/curriculum_2025.html
📚 Found 28 syllabus PDFs

  ⏭️  Skipping English (secondary) - already exists
  ⏭️  Skipping English (secondary) - already exists
  ⏭️  Skipping Hindi (secondary) - already exists
  ⏭️  Skipping Hindi (secondary) - already exists
  ⏭️  Skipping Mathematics (secondary) - already exists
  ⏭️  Skipping Science (secondary) - already exists
  ⏭️  Skipping Science (secondary) - already exists
  ⏭️  Skipping Science (secondary) - already exists
  ⏭️  Skipping Accountancy (secondary) - already exists
  ⏭️  Skipping Hindi (secondary) - already exists
  ⏭️  Skipping Hindi (secondary) - already exists
  ⏭️  Skipping English (secondary) - already exists
  ⏭️  Skipping English (secondary) - already exists
  ⏭️  Skipping Accountancy (secondary) - already exists
  ⏭️  Skipping Biology (secondary) - already exists
  ⏭️  Skipping Business Studies (secondary) - already exists
  ⏭️  Skipping Chemistry (secondary) - already exists
  ⏭️  Skipping Science (secondary) - already exists
  ⏭️  Skipping Economics (secondary) - already exists
  ⏭️  Skipping Geography (secondary) - already exists
  ⏭️  Skipping History (secondary) - already exists
  ⏭️  Skipping Science (secondary) - already exists
  ⏭️  Skipping Mathematics (secondary) - already exists
  ⏭️  Skipping Mathematics (secondary) - already exists
  ⏭️  Skipping Physics (secondary) - already exists
  ⏭️  Skipping Science (secondary) - already exists
  ⏭️  Skipping Psychology (secondary) - already exists
  ⏭️  Skipping Sociology (secondary) - already exists

============================================================
✅ Catalog discovery completed!
   Added/Updated: 0 entries
   Duration: 2074ms
============================================================

  ⚠️  No catalog entry found for Class 2 - Hindi
  ❌ Fetch and store failed: No PDF URL found in catalog
   ⚠️  Could not load (may not be available)

   Loading: Mathematics...
🔄 Fetching fresh syllabus for Class 2 - Mathematics...
⚠️  Catalog entry not found for Mathematics, triggering discovery...

============================================================
🔍 Discovering CBSE Syllabus Catalog for 2025-26
============================================================

✅ Found curriculum page: https://cbseacademic.nic.in/curriculum_2025.html
📚 Found 28 syllabus PDFs

  ⏭️  Skipping English (secondary) - already exists
  ⏭️  Skipping English (secondary) - already exists
  ⏭️  Skipping Hindi (secondary) - already exists
  ⏭️  Skipping Hindi (secondary) - already exists
  ⏭️  Skipping Mathematics (secondary) - already exists
  ⏭️  Skipping Science (secondary) - already exists
  ⏭️  Skipping Science (secondary) - already exists
  ⏭️  Skipping Science (secondary) - already exists
  ⏭️  Skipping Accountancy (secondary) - already exists
  ⏭️  Skipping Hindi (secondary) - already exists
  ⏭️  Skipping Hindi (secondary) - already exists
  ⏭️  Skipping English (secondary) - already exists
  ⏭️  Skipping English (secondary) - already exists
  ⏭️  Skipping Accountancy (secondary) - already exists
  ⏭️  Skipping Biology (secondary) - already exists
  ⏭️  Skipping Business Studies (secondary) - already exists
  ⏭️  Skipping Chemistry (secondary) - already exists
  ⏭️  Skipping Science (secondary) - already exists
  ⏭️  Skipping Economics (secondary) - already exists
  ⏭️  Skipping Geography (secondary) - already exists
  ⏭️  Skipping History (secondary) - already exists
  ⏭️  Skipping Science (secondary) - already exists
  ⏭️  Skipping Mathematics (secondary) - already exists
  ⏭️  Skipping Mathematics (secondary) - already exists
  ⏭️  Skipping Physics (secondary) - already exists
  ⏭️  Skipping Science (secondary) - already exists
  ⏭️  Skipping Psychology (secondary) - already exists
  ⏭️  Skipping Sociology (secondary) - already exists

============================================================
✅ Catalog discovery completed!
   Added/Updated: 0 entries
   Duration: 1979ms
============================================================

  ⚠️  No catalog entry found for Class 2 - Mathematics
  ❌ Fetch and store failed: No PDF URL found in catalog
   ⚠️  Could not load (may not be available)

======================================================================
📖 Class 3 (4 subjects)
======================================================================

   Loading: English...
🔄 Fetching fresh syllabus for Class 3 - English...
⚠️  Catalog entry not found for English, triggering discovery...

============================================================
🔍 Discovering CBSE Syllabus Catalog for 2025-26
============================================================

✅ Found curriculum page: https://cbseacademic.nic.in/curriculum_2025.html
📚 Found 28 syllabus PDFs

  ⏭️  Skipping English (secondary) - already exists
  ⏭️  Skipping English (secondary) - already exists
  ⏭️  Skipping Hindi (secondary) - already exists
  ⏭️  Skipping Hindi (secondary) - already exists
  ⏭️  Skipping Mathematics (secondary) - already exists
  ⏭️  Skipping Science (secondary) - already exists
  ⏭️  Skipping Science (secondary) - already exists
  ⏭️  Skipping Science (secondary) - already exists
  ⏭️  Skipping Accountancy (secondary) - already exists
  ⏭️  Skipping Hindi (secondary) - already exists
  ⏭️  Skipping Hindi (secondary) - already exists
  ⏭️  Skipping English (secondary) - already exists
  ⏭️  Skipping English (secondary) - already exists
  ⏭️  Skipping Accountancy (secondary) - already exists
  ⏭️  Skipping Biology (secondary) - already exists
  ⏭️  Skipping Business Studies (secondary) - already exists
  ⏭️  Skipping Chemistry (secondary) - already exists
  ⏭️  Skipping Science (secondary) - already exists
  ⏭️  Skipping Economics (secondary) - already exists
  ⏭️  Skipping Geography (secondary) - already exists
  ⏭️  Skipping History (secondary) - already exists
  ⏭️  Skipping Science (secondary) - already exists
  ⏭️  Skipping Mathematics (secondary) - already exists
  ⏭️  Skipping Mathematics (secondary) - already exists
  ⏭️  Skipping Physics (secondary) - already exists
  ⏭️  Skipping Science (secondary) - already exists
  ⏭️  Skipping Psychology (secondary) - already exists
  ⏭️  Skipping Sociology (secondary) - already exists

============================================================
✅ Catalog discovery completed!
   Added/Updated: 0 entries
   Duration: 1998ms
============================================================

  ⚠️  No catalog entry found for Class 3 - English
  ❌ Fetch and store failed: No PDF URL found in catalog
   ⚠️  Could not load (may not be available)

   Loading: Hindi...
🔄 Fetching fresh syllabus for Class 3 - Hindi...
⚠️  Catalog entry not found for Hindi, triggering discovery...

============================================================
🔍 Discovering CBSE Syllabus Catalog for 2025-26
============================================================

✅ Found curriculum page: https://cbseacademic.nic.in/curriculum_2025.html
📚 Found 28 syllabus PDFs

  ⏭️  Skipping English (secondary) - already exists
  ⏭️  Skipping English (secondary) - already exists
  ⏭️  Skipping Hindi (secondary) - already exists
  ⏭️  Skipping Hindi (secondary) - already exists
  ⏭️  Skipping Mathematics (secondary) - already exists
  ⏭️  Skipping Science (secondary) - already exists
  ⏭️  Skipping Science (secondary) - already exists
  ⏭️  Skipping Science (secondary) - already exists
  ⏭️  Skipping Accountancy (secondary) - already exists
  ⏭️  Skipping Hindi (secondary) - already exists
  ⏭️  Skipping Hindi (secondary) - already exists
  ⏭️  Skipping English (secondary) - already exists
  ⏭️  Skipping English (secondary) - already exists
  ⏭️  Skipping Accountancy (secondary) - already exists
  ⏭️  Skipping Biology (secondary) - already exists
  ⏭️  Skipping Business Studies (secondary) - already exists
  ⏭️  Skipping Chemistry (secondary) - already exists
  ⏭️  Skipping Science (secondary) - already exists
  ⏭️  Skipping Economics (secondary) - already exists
  ⏭️  Skipping Geography (secondary) - already exists
  ⏭️  Skipping History (secondary) - already exists
  ⏭️  Skipping Science (secondary) - already exists
  ⏭️  Skipping Mathematics (secondary) - already exists
  ⏭️  Skipping Mathematics (secondary) - already exists
  ⏭️  Skipping Physics (secondary) - already exists
  ⏭️  Skipping Science (secondary) - already exists
  ⏭️  Skipping Psychology (secondary) - already exists
  ⏭️  Skipping Sociology (secondary) - already exists

============================================================
✅ Catalog discovery completed!
   Added/Updated: 0 entries
   Duration: 1890ms
============================================================

  ⚠️  No catalog entry found for Class 3 - Hindi
  ❌ Fetch and store failed: No PDF URL found in catalog
   ⚠️  Could not load (may not be available)

   Loading: Mathematics...
🔄 Fetching fresh syllabus for Class 3 - Mathematics...
⚠️  Catalog entry not found for Mathematics, triggering discovery...

============================================================
🔍 Discovering CBSE Syllabus Catalog for 2025-26
============================================================

✅ Found curriculum page: https://cbseacademic.nic.in/curriculum_2025.html
📚 Found 28 syllabus PDFs

  ⏭️  Skipping English (secondary) - already exists
  ⏭️  Skipping English (secondary) - already exists
  ⏭️  Skipping Hindi (secondary) - already exists
  ⏭️  Skipping Hindi (secondary) - already exists
  ⏭️  Skipping Mathematics (secondary) - already exists
  ⏭️  Skipping Science (secondary) - already exists
  ⏭️  Skipping Science (secondary) - already exists
  ⏭️  Skipping Science (secondary) - already exists
  ⏭️  Skipping Accountancy (secondary) - already exists
  ⏭️  Skipping Hindi (secondary) - already exists
  ⏭️  Skipping Hindi (secondary) - already exists
  ⏭️  Skipping English (secondary) - already exists
  ⏭️  Skipping English (secondary) - already exists
  ⏭️  Skipping Accountancy (secondary) - already exists
  ⏭️  Skipping Biology (secondary) - already exists
  ⏭️  Skipping Business Studies (secondary) - already exists
  ⏭️  Skipping Chemistry (secondary) - already exists
  ⏭️  Skipping Science (secondary) - already exists
  ⏭️  Skipping Economics (secondary) - already exists
  ⏭️  Skipping Geography (secondary) - already exists
  ⏭️  Skipping History (secondary) - already exists
  ⏭️  Skipping Science (secondary) - already exists
  ⏭️  Skipping Mathematics (secondary) - already exists
  ⏭️  Skipping Mathematics (secondary) - already exists
  ⏭️  Skipping Physics (secondary) - already exists
  ⏭️  Skipping Science (secondary) - already exists
  ⏭️  Skipping Psychology (secondary) - already exists
  ⏭️  Skipping Sociology (secondary) - already exists

============================================================
✅ Catalog discovery completed!
   Added/Updated: 0 entries
   Duration: 1886ms
============================================================

  ⚠️  No catalog entry found for Class 3 - Mathematics
  ❌ Fetch and store failed: No PDF URL found in catalog
   ⚠️  Could not load (may not be available)

   Loading: Science...
🔄 Fetching fresh syllabus for Class 3 - Science...
⚠️  Catalog entry not found for Science, triggering discovery...

============================================================
🔍 Discovering CBSE Syllabus Catalog for 2025-26
============================================================

✅ Found curriculum page: https://cbseacademic.nic.in/curriculum_2025.html
📚 Found 28 syllabus PDFs

  ⏭️  Skipping English (secondary) - already exists
  ⏭️  Skipping English (secondary) - already exists
  ⏭️  Skipping Hindi (secondary) - already exists
  ⏭️  Skipping Hindi (secondary) - already exists
  ⏭️  Skipping Mathematics (secondary) - already exists
  ⏭️  Skipping Science (secondary) - already exists
  ⏭️  Skipping Science (secondary) - already exists
  ⏭️  Skipping Science (secondary) - already exists
  ⏭️  Skipping Accountancy (secondary) - already exists
  ⏭️  Skipping Hindi (secondary) - already exists
  ⏭️  Skipping Hindi (secondary) - already exists
  ⏭️  Skipping English (secondary) - already exists
  ⏭️  Skipping English (secondary) - already exists
  ⏭️  Skipping Accountancy (secondary) - already exists
  ⏭️  Skipping Biology (secondary) - already exists
  ⏭️  Skipping Business Studies (secondary) - already exists
  ⏭️  Skipping Chemistry (secondary) - already exists
  ⏭️  Skipping Science (secondary) - already exists
  ⏭️  Skipping Economics (secondary) - already exists
  ⏭️  Skipping Geography (secondary) - already exists
  ⏭️  Skipping History (secondary) - already exists
  ⏭️  Skipping Science (secondary) - already exists
  ⏭️  Skipping Mathematics (secondary) - already exists
  ⏭️  Skipping Mathematics (secondary) - already exists
  ⏭️  Skipping Physics (secondary) - already exists
  ⏭️  Skipping Science (secondary) - already exists
  ⏭️  Skipping Psychology (secondary) - already exists
  ⏭️  Skipping Sociology (secondary) - already exists

============================================================
✅ Catalog discovery completed!
   Added/Updated: 0 entries
   Duration: 1953ms
============================================================

  ⚠️  No catalog entry found for Class 3 - Science
  ❌ Fetch and store failed: No PDF URL found in catalog
   ⚠️  Could not load (may not be available)

======================================================================
📖 Class 4 (4 subjects)
======================================================================

   Loading: English...
🔄 Fetching fresh syllabus for Class 4 - English...
⚠️  Catalog entry not found for English, triggering discovery...

============================================================
🔍 Discovering CBSE Syllabus Catalog for 2025-26
============================================================

✅ Found curriculum page: https://cbseacademic.nic.in/curriculum_2025.html
📚 Found 28 syllabus PDFs

  ⏭️  Skipping English (secondary) - already exists
  ⏭️  Skipping English (secondary) - already exists
  ⏭️  Skipping Hindi (secondary) - already exists
  ⏭️  Skipping Hindi (secondary) - already exists
  ⏭️  Skipping Mathematics (secondary) - already exists
  ⏭️  Skipping Science (secondary) - already exists
  ⏭️  Skipping Science (secondary) - already exists
  ⏭️  Skipping Science (secondary) - already exists
  ⏭️  Skipping Accountancy (secondary) - already exists
  ⏭️  Skipping Hindi (secondary) - already exists
  ⏭️  Skipping Hindi (secondary) - already exists
  ⏭️  Skipping English (secondary) - already exists
  ⏭️  Skipping English (secondary) - already exists
  ⏭️  Skipping Accountancy (secondary) - already exists
  ⏭️  Skipping Biology (secondary) - already exists
  ⏭️  Skipping Business Studies (secondary) - already exists
  ⏭️  Skipping Chemistry (secondary) - already exists
  ⏭️  Skipping Science (secondary) - already exists
  ⏭️  Skipping Economics (secondary) - already exists
  ⏭️  Skipping Geography (secondary) - already exists
  ⏭️  Skipping History (secondary) - already exists
  ⏭️  Skipping Science (secondary) - already exists
  ⏭️  Skipping Mathematics (secondary) - already exists
  ⏭️  Skipping Mathematics (secondary) - already exists
  ⏭️  Skipping Physics (secondary) - already exists
  ⏭️  Skipping Science (secondary) - already exists
  ⏭️  Skipping Psychology (secondary) - already exists
  ⏭️  Skipping Sociology (secondary) - already exists

============================================================
✅ Catalog discovery completed!
   Added/Updated: 0 entries
   Duration: 1979ms
============================================================

  ⚠️  No catalog entry found for Class 4 - English
  ❌ Fetch and store failed: No PDF URL found in catalog
   ⚠️  Could not load (may not be available)

   Loading: Hindi...
🔄 Fetching fresh syllabus for Class 4 - Hindi...
⚠️  Catalog entry not found for Hindi, triggering discovery...

============================================================
🔍 Discovering CBSE Syllabus Catalog for 2025-26
============================================================

✅ Found curriculum page: https://cbseacademic.nic.in/curriculum_2025.html
📚 Found 28 syllabus PDFs

  ⏭️  Skipping English (secondary) - already exists
  ⏭️  Skipping English (secondary) - already exists
  ⏭️  Skipping Hindi (secondary) - already exists
  ⏭️  Skipping Hindi (secondary) - already exists
  ⏭️  Skipping Mathematics (secondary) - already exists
  ⏭️  Skipping Science (secondary) - already exists
  ⏭️  Skipping Science (secondary) - already exists
  ⏭️  Skipping Science (secondary) - already exists
  ⏭️  Skipping Accountancy (secondary) - already exists
  ⏭️  Skipping Hindi (secondary) - already exists
  ⏭️  Skipping Hindi (secondary) - already exists
  ⏭️  Skipping English (secondary) - already exists
  ⏭️  Skipping English (secondary) - already exists
  ⏭️  Skipping Accountancy (secondary) - already exists
  ⏭️  Skipping Biology (secondary) - already exists
  ⏭️  Skipping Business Studies (secondary) - already exists
  ⏭️  Skipping Chemistry (secondary) - already exists
  ⏭️  Skipping Science (secondary) - already exists
  ⏭️  Skipping Economics (secondary) - already exists
  ⏭️  Skipping Geography (secondary) - already exists
  ⏭️  Skipping History (secondary) - already exists
  ⏭️  Skipping Science (secondary) - already exists
  ⏭️  Skipping Mathematics (secondary) - already exists
  ⏭️  Skipping Mathematics (secondary) - already exists
  ⏭️  Skipping Physics (secondary) - already exists
  ⏭️  Skipping Science (secondary) - already exists
  ⏭️  Skipping Psychology (secondary) - already exists
  ⏭️  Skipping Sociology (secondary) - already exists

============================================================
✅ Catalog discovery completed!
   Added/Updated: 0 entries
   Duration: 1999ms
============================================================

  ⚠️  No catalog entry found for Class 4 - Hindi
  ❌ Fetch and store failed: No PDF URL found in catalog
   ⚠️  Could not load (may not be available)

   Loading: Mathematics...
🔄 Fetching fresh syllabus for Class 4 - Mathematics...
⚠️  Catalog entry not found for Mathematics, triggering discovery...

============================================================
🔍 Discovering CBSE Syllabus Catalog for 2025-26
============================================================

✅ Found curriculum page: https://cbseacademic.nic.in/curriculum_2025.html
📚 Found 28 syllabus PDFs

  ⏭️  Skipping English (secondary) - already exists
  ⏭️  Skipping English (secondary) - already exists
  ⏭️  Skipping Hindi (secondary) - already exists
  ⏭️  Skipping Hindi (secondary) - already exists
  ⏭️  Skipping Mathematics (secondary) - already exists
  ⏭️  Skipping Science (secondary) - already exists
  ⏭️  Skipping Science (secondary) - already exists
  ⏭️  Skipping Science (secondary) - already exists
  ⏭️  Skipping Accountancy (secondary) - already exists
  ⏭️  Skipping Hindi (secondary) - already exists
  ⏭️  Skipping Hindi (secondary) - already exists
  ⏭️  Skipping English (secondary) - already exists
  ⏭️  Skipping English (secondary) - already exists
  ⏭️  Skipping Accountancy (secondary) - already exists
  ⏭️  Skipping Biology (secondary) - already exists
  ⏭️  Skipping Business Studies (secondary) - already exists
  ⏭️  Skipping Chemistry (secondary) - already exists
  ⏭️  Skipping Science (secondary) - already exists
  ⏭️  Skipping Economics (secondary) - already exists
  ⏭️  Skipping Geography (secondary) - already exists
  ⏭️  Skipping History (secondary) - already exists
  ⏭️  Skipping Science (secondary) - already exists
  ⏭️  Skipping Mathematics (secondary) - already exists
  ⏭️  Skipping Mathematics (secondary) - already exists
  ⏭️  Skipping Physics (secondary) - already exists
  ⏭️  Skipping Science (secondary) - already exists
  ⏭️  Skipping Psychology (secondary) - already exists
  ⏭️  Skipping Sociology (secondary) - already exists

============================================================
✅ Catalog discovery completed!
   Added/Updated: 0 entries
   Duration: 2560ms
============================================================

  ⚠️  No catalog entry found for Class 4 - Mathematics
  ❌ Fetch and store failed: No PDF URL found in catalog
   ⚠️  Could not load (may not be available)

   Loading: Science...
🔄 Fetching fresh syllabus for Class 4 - Science...
⚠️  Catalog entry not found for Science, triggering discovery...

============================================================
🔍 Discovering CBSE Syllabus Catalog for 2025-26
============================================================

✅ Found curriculum page: https://cbseacademic.nic.in/curriculum_2025.html
📚 Found 28 syllabus PDFs

  ⏭️  Skipping English (secondary) - already exists
  ⏭️  Skipping English (secondary) - already exists
  ⏭️  Skipping Hindi (secondary) - already exists
  ⏭️  Skipping Hindi (secondary) - already exists
  ⏭️  Skipping Mathematics (secondary) - already exists
  ⏭️  Skipping Science (secondary) - already exists
  ⏭️  Skipping Science (secondary) - already exists
  ⏭️  Skipping Science (secondary) - already exists
  ⏭️  Skipping Accountancy (secondary) - already exists
  ⏭️  Skipping Hindi (secondary) - already exists
  ⏭️  Skipping Hindi (secondary) - already exists
  ⏭️  Skipping English (secondary) - already exists
  ⏭️  Skipping English (secondary) - already exists
  ⏭️  Skipping Accountancy (secondary) - already exists
  ⏭️  Skipping Biology (secondary) - already exists
  ⏭️  Skipping Business Studies (secondary) - already exists
  ⏭️  Skipping Chemistry (secondary) - already exists
  ⏭️  Skipping Science (secondary) - already exists
  ⏭️  Skipping Economics (secondary) - already exists
  ⏭️  Skipping Geography (secondary) - already exists
  ⏭️  Skipping History (secondary) - already exists
  ⏭️  Skipping Science (secondary) - already exists
  ⏭️  Skipping Mathematics (secondary) - already exists
  ⏭️  Skipping Mathematics (secondary) - already exists
  ⏭️  Skipping Physics (secondary) - already exists
  ⏭️  Skipping Science (secondary) - already exists
  ⏭️  Skipping Psychology (secondary) - already exists
  ⏭️  Skipping Sociology (secondary) - already exists

============================================================
✅ Catalog discovery completed!
   Added/Updated: 0 entries
   Duration: 2034ms
============================================================

  ⚠️  No catalog entry found for Class 4 - Science
  ❌ Fetch and store failed: No PDF URL found in catalog
   ⚠️  Could not load (may not be available)

======================================================================
📖 Class 5 (4 subjects)
======================================================================

   Loading: English...
🔄 Fetching fresh syllabus for Class 5 - English...
⚠️  Catalog entry not found for English, triggering discovery...

============================================================
🔍 Discovering CBSE Syllabus Catalog for 2025-26
============================================================

✅ Found curriculum page: https://cbseacademic.nic.in/curriculum_2025.html
📚 Found 28 syllabus PDFs

  ⏭️  Skipping English (secondary) - already exists
  ⏭️  Skipping English (secondary) - already exists
  ⏭️  Skipping Hindi (secondary) - already exists
  ⏭️  Skipping Hindi (secondary) - already exists
  ⏭️  Skipping Mathematics (secondary) - already exists
  ⏭️  Skipping Science (secondary) - already exists
  ⏭️  Skipping Science (secondary) - already exists
  ⏭️  Skipping Science (secondary) - already exists
  ⏭️  Skipping Accountancy (secondary) - already exists
  ⏭️  Skipping Hindi (secondary) - already exists
  ⏭️  Skipping Hindi (secondary) - already exists
  ⏭️  Skipping English (secondary) - already exists
  ⏭️  Skipping English (secondary) - already exists
  ⏭️  Skipping Accountancy (secondary) - already exists
  ⏭️  Skipping Biology (secondary) - already exists
  ⏭️  Skipping Business Studies (secondary) - already exists
  ⏭️  Skipping Chemistry (secondary) - already exists
  ⏭️  Skipping Science (secondary) - already exists
  ⏭️  Skipping Economics (secondary) - already exists
  ⏭️  Skipping Geography (secondary) - already exists
  ⏭️  Skipping History (secondary) - already exists
  ⏭️  Skipping Science (secondary) - already exists
  ⏭️  Skipping Mathematics (secondary) - already exists
  ⏭️  Skipping Mathematics (secondary) - already exists
  ⏭️  Skipping Physics (secondary) - already exists
  ⏭️  Skipping Science (secondary) - already exists
  ⏭️  Skipping Psychology (secondary) - already exists
  ⏭️  Skipping Sociology (secondary) - already exists

============================================================
✅ Catalog discovery completed!
   Added/Updated: 0 entries
   Duration: 1886ms
============================================================

  ⚠️  No catalog entry found for Class 5 - English
  ❌ Fetch and store failed: No PDF URL found in catalog
   ⚠️  Could not load (may not be available)

   Loading: Hindi...
🔄 Fetching fresh syllabus for Class 5 - Hindi...
⚠️  Catalog entry not found for Hindi, triggering discovery...

============================================================
🔍 Discovering CBSE Syllabus Catalog for 2025-26
============================================================

✅ Found curriculum page: https://cbseacademic.nic.in/curriculum_2025.html
📚 Found 28 syllabus PDFs

  ⏭️  Skipping English (secondary) - already exists
  ⏭️  Skipping English (secondary) - already exists
  ⏭️  Skipping Hindi (secondary) - already exists
  ⏭️  Skipping Hindi (secondary) - already exists
  ⏭️  Skipping Mathematics (secondary) - already exists
  ⏭️  Skipping Science (secondary) - already exists
  ⏭️  Skipping Science (secondary) - already exists
  ⏭️  Skipping Science (secondary) - already exists
  ⏭️  Skipping Accountancy (secondary) - already exists
  ⏭️  Skipping Hindi (secondary) - already exists
  ⏭️  Skipping Hindi (secondary) - already exists
  ⏭️  Skipping English (secondary) - already exists
  ⏭️  Skipping English (secondary) - already exists
  ⏭️  Skipping Accountancy (secondary) - already exists
  ⏭️  Skipping Biology (secondary) - already exists
  ⏭️  Skipping Business Studies (secondary) - already exists
  ⏭️  Skipping Chemistry (secondary) - already exists
  ⏭️  Skipping Science (secondary) - already exists
  ⏭️  Skipping Economics (secondary) - already exists
  ⏭️  Skipping Geography (secondary) - already exists
  ⏭️  Skipping History (secondary) - already exists
  ⏭️  Skipping Science (secondary) - already exists
  ⏭️  Skipping Mathematics (secondary) - already exists
  ⏭️  Skipping Mathematics (secondary) - already exists
  ⏭️  Skipping Physics (secondary) - already exists
  ⏭️  Skipping Science (secondary) - already exists
  ⏭️  Skipping Psychology (secondary) - already exists
  ⏭️  Skipping Sociology (secondary) - already exists

============================================================
✅ Catalog discovery completed!
   Added/Updated: 0 entries
   Duration: 1963ms
============================================================

  ⚠️  No catalog entry found for Class 5 - Hindi
  ❌ Fetch and store failed: No PDF URL found in catalog
   ⚠️  Could not load (may not be available)

   Loading: Mathematics...
🔄 Fetching fresh syllabus for Class 5 - Mathematics...
⚠️  Catalog entry not found for Mathematics, triggering discovery...

============================================================
🔍 Discovering CBSE Syllabus Catalog for 2025-26
============================================================

✅ Found curriculum page: https://cbseacademic.nic.in/curriculum_2025.html
📚 Found 28 syllabus PDFs

  ⏭️  Skipping English (secondary) - already exists
  ⏭️  Skipping English (secondary) - already exists
  ⏭️  Skipping Hindi (secondary) - already exists
  ⏭️  Skipping Hindi (secondary) - already exists
  ⏭️  Skipping Mathematics (secondary) - already exists
  ⏭️  Skipping Science (secondary) - already exists
  ⏭️  Skipping Science (secondary) - already exists
  ⏭️  Skipping Science (secondary) - already exists
  ⏭️  Skipping Accountancy (secondary) - already exists
  ⏭️  Skipping Hindi (secondary) - already exists
  ⏭️  Skipping Hindi (secondary) - already exists
  ⏭️  Skipping English (secondary) - already exists
  ⏭️  Skipping English (secondary) - already exists
  ⏭️  Skipping Accountancy (secondary) - already exists
  ⏭️  Skipping Biology (secondary) - already exists
  ⏭️  Skipping Business Studies (secondary) - already exists
  ⏭️  Skipping Chemistry (secondary) - already exists
  ⏭️  Skipping Science (secondary) - already exists
  ⏭️  Skipping Economics (secondary) - already exists
  ⏭️  Skipping Geography (secondary) - already exists
  ⏭️  Skipping History (secondary) - already exists
  ⏭️  Skipping Science (secondary) - already exists
  ⏭️  Skipping Mathematics (secondary) - already exists
  ⏭️  Skipping Mathematics (secondary) - already exists
  ⏭️  Skipping Physics (secondary) - already exists
  ⏭️  Skipping Science (secondary) - already exists
  ⏭️  Skipping Psychology (secondary) - already exists
  ⏭️  Skipping Sociology (secondary) - already exists

============================================================
✅ Catalog discovery completed!
   Added/Updated: 0 entries
   Duration: 1944ms
============================================================

  ⚠️  No catalog entry found for Class 5 - Mathematics
  ❌ Fetch and store failed: No PDF URL found in catalog
   ⚠️  Could not load (may not be available)

   Loading: Science...
🔄 Fetching fresh syllabus for Class 5 - Science...
⚠️  Catalog entry not found for Science, triggering discovery...

============================================================
🔍 Discovering CBSE Syllabus Catalog for 2025-26
============================================================

✅ Found curriculum page: https://cbseacademic.nic.in/curriculum_2025.html
📚 Found 28 syllabus PDFs

  ⏭️  Skipping English (secondary) - already exists
  ⏭️  Skipping English (secondary) - already exists
  ⏭️  Skipping Hindi (secondary) - already exists
  ⏭️  Skipping Hindi (secondary) - already exists
  ⏭️  Skipping Mathematics (secondary) - already exists
  ⏭️  Skipping Science (secondary) - already exists
  ⏭️  Skipping Science (secondary) - already exists
  ⏭️  Skipping Science (secondary) - already exists
  ⏭️  Skipping Accountancy (secondary) - already exists
  ⏭️  Skipping Hindi (secondary) - already exists
  ⏭️  Skipping Hindi (secondary) - already exists
  ⏭️  Skipping English (secondary) - already exists
  ⏭️  Skipping English (secondary) - already exists
  ⏭️  Skipping Accountancy (secondary) - already exists
  ⏭️  Skipping Biology (secondary) - already exists
  ⏭️  Skipping Business Studies (secondary) - already exists
  ⏭️  Skipping Chemistry (secondary) - already exists
  ⏭️  Skipping Science (secondary) - already exists
  ⏭️  Skipping Economics (secondary) - already exists
  ⏭️  Skipping Geography (secondary) - already exists
  ⏭️  Skipping History (secondary) - already exists
  ⏭️  Skipping Science (secondary) - already exists
  ⏭️  Skipping Mathematics (secondary) - already exists
  ⏭️  Skipping Mathematics (secondary) - already exists
  ⏭️  Skipping Physics (secondary) - already exists
  ⏭️  Skipping Science (secondary) - already exists
  ⏭️  Skipping Psychology (secondary) - already exists
  ⏭️  Skipping Sociology (secondary) - already exists

============================================================
✅ Catalog discovery completed!
   Added/Updated: 0 entries
   Duration: 2342ms
============================================================

  ⚠️  No catalog entry found for Class 5 - Science
  ❌ Fetch and store failed: No PDF URL found in catalog
   ⚠️  Could not load (may not be available)

======================================================================
📖 Class 6 (5 subjects)
======================================================================

   Loading: English...
🔄 Fetching fresh syllabus for Class 6 - English...
⚠️  Catalog entry not found for English, triggering discovery...

============================================================
🔍 Discovering CBSE Syllabus Catalog for 2025-26
============================================================

✅ Found curriculum page: https://cbseacademic.nic.in/curriculum_2025.html
📚 Found 28 syllabus PDFs

  ⏭️  Skipping English (secondary) - already exists
  ⏭️  Skipping English (secondary) - already exists
  ⏭️  Skipping Hindi (secondary) - already exists
  ⏭️  Skipping Hindi (secondary) - already exists
  ⏭️  Skipping Mathematics (secondary) - already exists
  ⏭️  Skipping Science (secondary) - already exists
  ⏭️  Skipping Science (secondary) - already exists
  ⏭️  Skipping Science (secondary) - already exists
  ⏭️  Skipping Accountancy (secondary) - already exists
  ⏭️  Skipping Hindi (secondary) - already exists
  ⏭️  Skipping Hindi (secondary) - already exists
  ⏭️  Skipping English (secondary) - already exists
  ⏭️  Skipping English (secondary) - already exists
  ⏭️  Skipping Accountancy (secondary) - already exists
  ⏭️  Skipping Biology (secondary) - already exists
  ⏭️  Skipping Business Studies (secondary) - already exists
  ⏭️  Skipping Chemistry (secondary) - already exists
  ⏭️  Skipping Science (secondary) - already exists
  ⏭️  Skipping Economics (secondary) - already exists
  ⏭️  Skipping Geography (secondary) - already exists
  ⏭️  Skipping History (secondary) - already exists
  ⏭️  Skipping Science (secondary) - already exists
  ⏭️  Skipping Mathematics (secondary) - already exists
  ⏭️  Skipping Mathematics (secondary) - already exists
  ⏭️  Skipping Physics (secondary) - already exists
  ⏭️  Skipping Science (secondary) - already exists
  ⏭️  Skipping Psychology (secondary) - already exists
  ⏭️  Skipping Sociology (secondary) - already exists

============================================================
✅ Catalog discovery completed!
   Added/Updated: 0 entries
   Duration: 1916ms
============================================================

  ⚠️  No catalog entry found for Class 6 - English
  ❌ Fetch and store failed: No PDF URL found in catalog
   ⚠️  Could not load (may not be available)

   Loading: Hindi...
🔄 Fetching fresh syllabus for Class 6 - Hindi...
⚠️  Catalog entry not found for Hindi, triggering discovery...

============================================================
🔍 Discovering CBSE Syllabus Catalog for 2025-26
============================================================

✅ Found curriculum page: https://cbseacademic.nic.in/curriculum_2025.html
📚 Found 28 syllabus PDFs

  ⏭️  Skipping English (secondary) - already exists
  ⏭️  Skipping English (secondary) - already exists
  ⏭️  Skipping Hindi (secondary) - already exists
  ⏭️  Skipping Hindi (secondary) - already exists
  ⏭️  Skipping Mathematics (secondary) - already exists
  ⏭️  Skipping Science (secondary) - already exists
  ⏭️  Skipping Science (secondary) - already exists
  ⏭️  Skipping Science (secondary) - already exists
  ⏭️  Skipping Accountancy (secondary) - already exists
  ⏭️  Skipping Hindi (secondary) - already exists
  ⏭️  Skipping Hindi (secondary) - already exists
  ⏭️  Skipping English (secondary) - already exists
  ⏭️  Skipping English (secondary) - already exists
  ⏭️  Skipping Accountancy (secondary) - already exists
  ⏭️  Skipping Biology (secondary) - already exists
  ⏭️  Skipping Business Studies (secondary) - already exists
  ⏭️  Skipping Chemistry (secondary) - already exists
  ⏭️  Skipping Science (secondary) - already exists
  ⏭️  Skipping Economics (secondary) - already exists
  ⏭️  Skipping Geography (secondary) - already exists
  ⏭️  Skipping History (secondary) - already exists
  ⏭️  Skipping Science (secondary) - already exists
  ⏭️  Skipping Mathematics (secondary) - already exists
  ⏭️  Skipping Mathematics (secondary) - already exists
  ⏭️  Skipping Physics (secondary) - already exists
  ⏭️  Skipping Science (secondary) - already exists
  ⏭️  Skipping Psychology (secondary) - already exists
  ⏭️  Skipping Sociology (secondary) - already exists

============================================================
✅ Catalog discovery completed!
   Added/Updated: 0 entries
   Duration: 1941ms
============================================================

  ⚠️  No catalog entry found for Class 6 - Hindi
  ❌ Fetch and store failed: No PDF URL found in catalog
   ⚠️  Could not load (may not be available)

   Loading: Mathematics...
🔄 Fetching fresh syllabus for Class 6 - Mathematics...
⚠️  Catalog entry not found for Mathematics, triggering discovery...

============================================================
🔍 Discovering CBSE Syllabus Catalog for 2025-26
============================================================

✅ Found curriculum page: https://cbseacademic.nic.in/curriculum_2025.html
📚 Found 28 syllabus PDFs

  ⏭️  Skipping English (secondary) - already exists
  ⏭️  Skipping English (secondary) - already exists
  ⏭️  Skipping Hindi (secondary) - already exists
  ⏭️  Skipping Hindi (secondary) - already exists
  ⏭️  Skipping Mathematics (secondary) - already exists
  ⏭️  Skipping Science (secondary) - already exists
  ⏭️  Skipping Science (secondary) - already exists
  ⏭️  Skipping Science (secondary) - already exists
  ⏭️  Skipping Accountancy (secondary) - already exists
  ⏭️  Skipping Hindi (secondary) - already exists
  ⏭️  Skipping Hindi (secondary) - already exists
  ⏭️  Skipping English (secondary) - already exists
  ⏭️  Skipping English (secondary) - already exists
  ⏭️  Skipping Accountancy (secondary) - already exists
  ⏭️  Skipping Biology (secondary) - already exists
  ⏭️  Skipping Business Studies (secondary) - already exists
  ⏭️  Skipping Chemistry (secondary) - already exists
  ⏭️  Skipping Science (secondary) - already exists
  ⏭️  Skipping Economics (secondary) - already exists
  ⏭️  Skipping Geography (secondary) - already exists
  ⏭️  Skipping History (secondary) - already exists
  ⏭️  Skipping Science (secondary) - already exists
  ⏭️  Skipping Mathematics (secondary) - already exists
  ⏭️  Skipping Mathematics (secondary) - already exists
  ⏭️  Skipping Physics (secondary) - already exists
  ⏭️  Skipping Science (secondary) - already exists
  ⏭️  Skipping Psychology (secondary) - already exists
  ⏭️  Skipping Sociology (secondary) - already exists

============================================================
✅ Catalog discovery completed!
   Added/Updated: 0 entries
   Duration: 2367ms
============================================================

  ⚠️  No catalog entry found for Class 6 - Mathematics
  ❌ Fetch and store failed: No PDF URL found in catalog
   ⚠️  Could not load (may not be available)

   Loading: Science...
🔄 Fetching fresh syllabus for Class 6 - Science...
⚠️  Catalog entry not found for Science, triggering discovery...

============================================================
🔍 Discovering CBSE Syllabus Catalog for 2025-26
============================================================

✅ Found curriculum page: https://cbseacademic.nic.in/curriculum_2025.html
📚 Found 28 syllabus PDFs

  ⏭️  Skipping English (secondary) - already exists
  ⏭️  Skipping English (secondary) - already exists
  ⏭️  Skipping Hindi (secondary) - already exists
  ⏭️  Skipping Hindi (secondary) - already exists
  ⏭️  Skipping Mathematics (secondary) - already exists
  ⏭️  Skipping Science (secondary) - already exists
  ⏭️  Skipping Science (secondary) - already exists
  ⏭️  Skipping Science (secondary) - already exists
  ⏭️  Skipping Accountancy (secondary) - already exists
  ⏭️  Skipping Hindi (secondary) - already exists
  ⏭️  Skipping Hindi (secondary) - already exists
  ⏭️  Skipping English (secondary) - already exists
  ⏭️  Skipping English (secondary) - already exists
  ⏭️  Skipping Accountancy (secondary) - already exists
  ⏭️  Skipping Biology (secondary) - already exists
  ⏭️  Skipping Business Studies (secondary) - already exists
  ⏭️  Skipping Chemistry (secondary) - already exists
  ⏭️  Skipping Science (secondary) - already exists
  ⏭️  Skipping Economics (secondary) - already exists
  ⏭️  Skipping Geography (secondary) - already exists
  ⏭️  Skipping History (secondary) - already exists
  ⏭️  Skipping Science (secondary) - already exists
  ⏭️  Skipping Mathematics (secondary) - already exists
  ⏭️  Skipping Mathematics (secondary) - already exists
  ⏭️  Skipping Physics (secondary) - already exists
  ⏭️  Skipping Science (secondary) - already exists
  ⏭️  Skipping Psychology (secondary) - already exists
  ⏭️  Skipping Sociology (secondary) - already exists

============================================================
✅ Catalog discovery completed!
   Added/Updated: 0 entries
   Duration: 2094ms
============================================================

  ⚠️  No catalog entry found for Class 6 - Science
  ❌ Fetch and store failed: No PDF URL found in catalog
   ⚠️  Could not load (may not be available)

   Loading: Social Science...
🔄 Fetching fresh syllabus for Class 6 - Social Science...
⚠️  Catalog entry not found for Social Science, triggering discovery...

============================================================
🔍 Discovering CBSE Syllabus Catalog for 2025-26
============================================================

✅ Found curriculum page: https://cbseacademic.nic.in/curriculum_2025.html
📚 Found 28 syllabus PDFs

  ⏭️  Skipping English (secondary) - already exists
  ⏭️  Skipping English (secondary) - already exists
  ⏭️  Skipping Hindi (secondary) - already exists
  ⏭️  Skipping Hindi (secondary) - already exists
  ⏭️  Skipping Mathematics (secondary) - already exists
  ⏭️  Skipping Science (secondary) - already exists
  ⏭️  Skipping Science (secondary) - already exists
  ⏭️  Skipping Science (secondary) - already exists
  ⏭️  Skipping Accountancy (secondary) - already exists
  ⏭️  Skipping Hindi (secondary) - already exists
  ⏭️  Skipping Hindi (secondary) - already exists
  ⏭️  Skipping English (secondary) - already exists
  ⏭️  Skipping English (secondary) - already exists
  ⏭️  Skipping Accountancy (secondary) - already exists
  ⏭️  Skipping Biology (secondary) - already exists
  ⏭️  Skipping Business Studies (secondary) - already exists
  ⏭️  Skipping Chemistry (secondary) - already exists
  ⏭️  Skipping Science (secondary) - already exists
  ⏭️  Skipping Economics (secondary) - already exists
  ⏭️  Skipping Geography (secondary) - already exists
  ⏭️  Skipping History (secondary) - already exists
  ⏭️  Skipping Science (secondary) - already exists
  ⏭️  Skipping Mathematics (secondary) - already exists
  ⏭️  Skipping Mathematics (secondary) - already exists
  ⏭️  Skipping Physics (secondary) - already exists
  ⏭️  Skipping Science (secondary) - already exists
  ⏭️  Skipping Psychology (secondary) - already exists
  ⏭️  Skipping Sociology (secondary) - already exists

============================================================
✅ Catalog discovery completed!
   Added/Updated: 0 entries
   Duration: 1951ms
============================================================

  ⚠️  No catalog entry found for Class 6 - Social Science
  ❌ Fetch and store failed: No PDF URL found in catalog
   ⚠️  Could not load (may not be available)

======================================================================
📖 Class 7 (5 subjects)
======================================================================

   Loading: English...
🔄 Fetching fresh syllabus for Class 7 - English...
⚠️  Catalog entry not found for English, triggering discovery...

============================================================
🔍 Discovering CBSE Syllabus Catalog for 2025-26
============================================================

✅ Found curriculum page: https://cbseacademic.nic.in/curriculum_2025.html
📚 Found 28 syllabus PDFs

  ⏭️  Skipping English (secondary) - already exists
  ⏭️  Skipping English (secondary) - already exists
  ⏭️  Skipping Hindi (secondary) - already exists
  ⏭️  Skipping Hindi (secondary) - already exists
  ⏭️  Skipping Mathematics (secondary) - already exists
  ⏭️  Skipping Science (secondary) - already exists
  ⏭️  Skipping Science (secondary) - already exists
  ⏭️  Skipping Science (secondary) - already exists
  ⏭️  Skipping Accountancy (secondary) - already exists
  ⏭️  Skipping Hindi (secondary) - already exists
  ⏭️  Skipping Hindi (secondary) - already exists
  ⏭️  Skipping English (secondary) - already exists
  ⏭️  Skipping English (secondary) - already exists
  ⏭️  Skipping Accountancy (secondary) - already exists
  ⏭️  Skipping Biology (secondary) - already exists
  ⏭️  Skipping Business Studies (secondary) - already exists
  ⏭️  Skipping Chemistry (secondary) - already exists
  ⏭️  Skipping Science (secondary) - already exists
  ⏭️  Skipping Economics (secondary) - already exists
  ⏭️  Skipping Geography (secondary) - already exists
  ⏭️  Skipping History (secondary) - already exists
  ⏭️  Skipping Science (secondary) - already exists
  ⏭️  Skipping Mathematics (secondary) - already exists
  ⏭️  Skipping Mathematics (secondary) - already exists
  ⏭️  Skipping Physics (secondary) - already exists
  ⏭️  Skipping Science (secondary) - already exists
  ⏭️  Skipping Psychology (secondary) - already exists
  ⏭️  Skipping Sociology (secondary) - already exists

============================================================
✅ Catalog discovery completed!
   Added/Updated: 0 entries
   Duration: 1903ms
============================================================

  ⚠️  No catalog entry found for Class 7 - English
  ❌ Fetch and store failed: No PDF URL found in catalog
   ⚠️  Could not load (may not be available)

   Loading: Hindi...
🔄 Fetching fresh syllabus for Class 7 - Hindi...
⚠️  Catalog entry not found for Hindi, triggering discovery...

============================================================
🔍 Discovering CBSE Syllabus Catalog for 2025-26
============================================================

✅ Found curriculum page: https://cbseacademic.nic.in/curriculum_2025.html
📚 Found 28 syllabus PDFs

  ⏭️  Skipping English (secondary) - already exists
  ⏭️  Skipping English (secondary) - already exists
  ⏭️  Skipping Hindi (secondary) - already exists
  ⏭️  Skipping Hindi (secondary) - already exists
  ⏭️  Skipping Mathematics (secondary) - already exists
  ⏭️  Skipping Science (secondary) - already exists
  ⏭️  Skipping Science (secondary) - already exists
  ⏭️  Skipping Science (secondary) - already exists
  ⏭️  Skipping Accountancy (secondary) - already exists
  ⏭️  Skipping Hindi (secondary) - already exists
  ⏭️  Skipping Hindi (secondary) - already exists
  ⏭️  Skipping English (secondary) - already exists
  ⏭️  Skipping English (secondary) - already exists
  ⏭️  Skipping Accountancy (secondary) - already exists
  ⏭️  Skipping Biology (secondary) - already exists
  ⏭️  Skipping Business Studies (secondary) - already exists
  ⏭️  Skipping Chemistry (secondary) - already exists
  ⏭️  Skipping Science (secondary) - already exists
  ⏭️  Skipping Economics (secondary) - already exists
  ⏭️  Skipping Geography (secondary) - already exists
  ⏭️  Skipping History (secondary) - already exists
  ⏭️  Skipping Science (secondary) - already exists
  ⏭️  Skipping Mathematics (secondary) - already exists
  ⏭️  Skipping Mathematics (secondary) - already exists
  ⏭️  Skipping Physics (secondary) - already exists
  ⏭️  Skipping Science (secondary) - already exists
  ⏭️  Skipping Psychology (secondary) - already exists
  ⏭️  Skipping Sociology (secondary) - already exists

============================================================
✅ Catalog discovery completed!
   Added/Updated: 0 entries
   Duration: 1969ms
============================================================

  ⚠️  No catalog entry found for Class 7 - Hindi
  ❌ Fetch and store failed: No PDF URL found in catalog
   ⚠️  Could not load (may not be available)

   Loading: Mathematics...
🔄 Fetching fresh syllabus for Class 7 - Mathematics...
⚠️  Catalog entry not found for Mathematics, triggering discovery...

============================================================
🔍 Discovering CBSE Syllabus Catalog for 2025-26
============================================================

✅ Found curriculum page: https://cbseacademic.nic.in/curriculum_2025.html
📚 Found 28 syllabus PDFs

  ⏭️  Skipping English (secondary) - already exists
  ⏭️  Skipping English (secondary) - already exists
  ⏭️  Skipping Hindi (secondary) - already exists
  ⏭️  Skipping Hindi (secondary) - already exists
  ⏭️  Skipping Mathematics (secondary) - already exists
  ⏭️  Skipping Science (secondary) - already exists
  ⏭️  Skipping Science (secondary) - already exists
  ⏭️  Skipping Science (secondary) - already exists
  ⏭️  Skipping Accountancy (secondary) - already exists
  ⏭️  Skipping Hindi (secondary) - already exists
  ⏭️  Skipping Hindi (secondary) - already exists
  ⏭️  Skipping English (secondary) - already exists
  ⏭️  Skipping English (secondary) - already exists
  ⏭️  Skipping Accountancy (secondary) - already exists
  ⏭️  Skipping Biology (secondary) - already exists
  ⏭️  Skipping Business Studies (secondary) - already exists
  ⏭️  Skipping Chemistry (secondary) - already exists
  ⏭️  Skipping Science (secondary) - already exists
  ⏭️  Skipping Economics (secondary) - already exists
  ⏭️  Skipping Geography (secondary) - already exists
  ⏭️  Skipping History (secondary) - already exists
  ⏭️  Skipping Science (secondary) - already exists
  ⏭️  Skipping Mathematics (secondary) - already exists
  ⏭️  Skipping Mathematics (secondary) - already exists
  ⏭️  Skipping Physics (secondary) - already exists
  ⏭️  Skipping Science (secondary) - already exists
  ⏭️  Skipping Psychology (secondary) - already exists
  ⏭️  Skipping Sociology (secondary) - already exists

============================================================
✅ Catalog discovery completed!
   Added/Updated: 0 entries
   Duration: 2051ms
============================================================

  ⚠️  No catalog entry found for Class 7 - Mathematics
  ❌ Fetch and store failed: No PDF URL found in catalog
   ⚠️  Could not load (may not be available)

   Loading: Science...
🔄 Fetching fresh syllabus for Class 7 - Science...
⚠️  Catalog entry not found for Science, triggering discovery...

============================================================
🔍 Discovering CBSE Syllabus Catalog for 2025-26
============================================================

✅ Found curriculum page: https://cbseacademic.nic.in/curriculum_2025.html
📚 Found 28 syllabus PDFs

  ⏭️  Skipping English (secondary) - already exists
  ⏭️  Skipping English (secondary) - already exists
  ⏭️  Skipping Hindi (secondary) - already exists
  ⏭️  Skipping Hindi (secondary) - already exists
  ⏭️  Skipping Mathematics (secondary) - already exists
  ⏭️  Skipping Science (secondary) - already exists
  ⏭️  Skipping Science (secondary) - already exists
  ⏭️  Skipping Science (secondary) - already exists
  ⏭️  Skipping Accountancy (secondary) - already exists
  ⏭️  Skipping Hindi (secondary) - already exists
  ⏭️  Skipping Hindi (secondary) - already exists
  ⏭️  Skipping English (secondary) - already exists
  ⏭️  Skipping English (secondary) - already exists
  ⏭️  Skipping Accountancy (secondary) - already exists
  ⏭️  Skipping Biology (secondary) - already exists
  ⏭️  Skipping Business Studies (secondary) - already exists
  ⏭️  Skipping Chemistry (secondary) - already exists
  ⏭️  Skipping Science (secondary) - already exists
  ⏭️  Skipping Economics (secondary) - already exists
  ⏭️  Skipping Geography (secondary) - already exists
  ⏭️  Skipping History (secondary) - already exists
  ⏭️  Skipping Science (secondary) - already exists
  ⏭️  Skipping Mathematics (secondary) - already exists
  ⏭️  Skipping Mathematics (secondary) - already exists
  ⏭️  Skipping Physics (secondary) - already exists
  ⏭️  Skipping Science (secondary) - already exists
  ⏭️  Skipping Psychology (secondary) - already exists
  ⏭️  Skipping Sociology (secondary) - already exists

============================================================
✅ Catalog discovery completed!
   Added/Updated: 0 entries
   Duration: 1987ms
============================================================

  ⚠️  No catalog entry found for Class 7 - Science
  ❌ Fetch and store failed: No PDF URL found in catalog
   ⚠️  Could not load (may not be available)

   Loading: Social Science...
🔄 Fetching fresh syllabus for Class 7 - Social Science...
⚠️  Catalog entry not found for Social Science, triggering discovery...

============================================================
🔍 Discovering CBSE Syllabus Catalog for 2025-26
============================================================

✅ Found curriculum page: https://cbseacademic.nic.in/curriculum_2025.html
📚 Found 28 syllabus PDFs

  ⏭️  Skipping English (secondary) - already exists
  ⏭️  Skipping English (secondary) - already exists
  ⏭️  Skipping Hindi (secondary) - already exists
  ⏭️  Skipping Hindi (secondary) - already exists
  ⏭️  Skipping Mathematics (secondary) - already exists
  ⏭️  Skipping Science (secondary) - already exists
  ⏭️  Skipping Science (secondary) - already exists
  ⏭️  Skipping Science (secondary) - already exists
  ⏭️  Skipping Accountancy (secondary) - already exists
  ⏭️  Skipping Hindi (secondary) - already exists
  ⏭️  Skipping Hindi (secondary) - already exists
  ⏭️  Skipping English (secondary) - already exists
  ⏭️  Skipping English (secondary) - already exists
  ⏭️  Skipping Accountancy (secondary) - already exists
  ⏭️  Skipping Biology (secondary) - already exists
  ⏭️  Skipping Business Studies (secondary) - already exists
  ⏭️  Skipping Chemistry (secondary) - already exists
  ⏭️  Skipping Science (secondary) - already exists
  ⏭️  Skipping Economics (secondary) - already exists
  ⏭️  Skipping Geography (secondary) - already exists
  ⏭️  Skipping History (secondary) - already exists
  ⏭️  Skipping Science (secondary) - already exists
  ⏭️  Skipping Mathematics (secondary) - already exists
  ⏭️  Skipping Mathematics (secondary) - already exists
  ⏭️  Skipping Physics (secondary) - already exists
  ⏭️  Skipping Science (secondary) - already exists
  ⏭️  Skipping Psychology (secondary) - already exists
  ⏭️  Skipping Sociology (secondary) - already exists

============================================================
✅ Catalog discovery completed!
   Added/Updated: 0 entries
   Duration: 1944ms
============================================================

  ⚠️  No catalog entry found for Class 7 - Social Science
  ❌ Fetch and store failed: No PDF URL found in catalog
   ⚠️  Could not load (may not be available)

======================================================================
📖 Class 8 (5 subjects)
======================================================================

   Loading: English...
🔄 Fetching fresh syllabus for Class 8 - English...
⚠️  Catalog entry not found for English, triggering discovery...

============================================================
🔍 Discovering CBSE Syllabus Catalog for 2025-26
============================================================

✅ Found curriculum page: https://cbseacademic.nic.in/curriculum_2025.html
📚 Found 28 syllabus PDFs

  ⏭️  Skipping English (secondary) - already exists
  ⏭️  Skipping English (secondary) - already exists
  ⏭️  Skipping Hindi (secondary) - already exists
  ⏭️  Skipping Hindi (secondary) - already exists
  ⏭️  Skipping Mathematics (secondary) - already exists
  ⏭️  Skipping Science (secondary) - already exists
  ⏭️  Skipping Science (secondary) - already exists
  ⏭️  Skipping Science (secondary) - already exists
  ⏭️  Skipping Accountancy (secondary) - already exists
  ⏭️  Skipping Hindi (secondary) - already exists
  ⏭️  Skipping Hindi (secondary) - already exists
  ⏭️  Skipping English (secondary) - already exists
  ⏭️  Skipping English (secondary) - already exists
  ⏭️  Skipping Accountancy (secondary) - already exists
  ⏭️  Skipping Biology (secondary) - already exists
  ⏭️  Skipping Business Studies (secondary) - already exists
  ⏭️  Skipping Chemistry (secondary) - already exists
  ⏭️  Skipping Science (secondary) - already exists
  ⏭️  Skipping Economics (secondary) - already exists
  ⏭️  Skipping Geography (secondary) - already exists
  ⏭️  Skipping History (secondary) - already exists
  ⏭️  Skipping Science (secondary) - already exists
  ⏭️  Skipping Mathematics (secondary) - already exists
  ⏭️  Skipping Mathematics (secondary) - already exists
  ⏭️  Skipping Physics (secondary) - already exists
  ⏭️  Skipping Science (secondary) - already exists
  ⏭️  Skipping Psychology (secondary) - already exists
  ⏭️  Skipping Sociology (secondary) - already exists

============================================================
✅ Catalog discovery completed!
   Added/Updated: 0 entries
   Duration: 1968ms
============================================================

  ⚠️  No catalog entry found for Class 8 - English
  ❌ Fetch and store failed: No PDF URL found in catalog
   ⚠️  Could not load (may not be available)

   Loading: Hindi...
🔄 Fetching fresh syllabus for Class 8 - Hindi...
⚠️  Catalog entry not found for Hindi, triggering discovery...

============================================================
🔍 Discovering CBSE Syllabus Catalog for 2025-26
============================================================

✅ Found curriculum page: https://cbseacademic.nic.in/curriculum_2025.html
📚 Found 28 syllabus PDFs

  ⏭️  Skipping English (secondary) - already exists
  ⏭️  Skipping English (secondary) - already exists
  ⏭️  Skipping Hindi (secondary) - already exists
  ⏭️  Skipping Hindi (secondary) - already exists
  ⏭️  Skipping Mathematics (secondary) - already exists
  ⏭️  Skipping Science (secondary) - already exists
  ⏭️  Skipping Science (secondary) - already exists
  ⏭️  Skipping Science (secondary) - already exists
  ⏭️  Skipping Accountancy (secondary) - already exists
  ⏭️  Skipping Hindi (secondary) - already exists
  ⏭️  Skipping Hindi (secondary) - already exists
  ⏭️  Skipping English (secondary) - already exists
  ⏭️  Skipping English (secondary) - already exists
  ⏭️  Skipping Accountancy (secondary) - already exists
  ⏭️  Skipping Biology (secondary) - already exists
  ⏭️  Skipping Business Studies (secondary) - already exists
  ⏭️  Skipping Chemistry (secondary) - already exists
  ⏭️  Skipping Science (secondary) - already exists
  ⏭️  Skipping Economics (secondary) - already exists
  ⏭️  Skipping Geography (secondary) - already exists
  ⏭️  Skipping History (secondary) - already exists
  ⏭️  Skipping Science (secondary) - already exists
  ⏭️  Skipping Mathematics (secondary) - already exists
  ⏭️  Skipping Mathematics (secondary) - already exists
  ⏭️  Skipping Physics (secondary) - already exists
  ⏭️  Skipping Science (secondary) - already exists
  ⏭️  Skipping Psychology (secondary) - already exists
  ⏭️  Skipping Sociology (secondary) - already exists

============================================================
✅ Catalog discovery completed!
   Added/Updated: 0 entries
   Duration: 1997ms
============================================================

  ⚠️  No catalog entry found for Class 8 - Hindi
  ❌ Fetch and store failed: No PDF URL found in catalog
   ⚠️  Could not load (may not be available)

   Loading: Mathematics...
🔄 Fetching fresh syllabus for Class 8 - Mathematics...
⚠️  Catalog entry not found for Mathematics, triggering discovery...

============================================================
🔍 Discovering CBSE Syllabus Catalog for 2025-26
============================================================

✅ Found curriculum page: https://cbseacademic.nic.in/curriculum_2025.html
📚 Found 28 syllabus PDFs

  ⏭️  Skipping English (secondary) - already exists
  ⏭️  Skipping English (secondary) - already exists
  ⏭️  Skipping Hindi (secondary) - already exists
  ⏭️  Skipping Hindi (secondary) - already exists
  ⏭️  Skipping Mathematics (secondary) - already exists
  ⏭️  Skipping Science (secondary) - already exists
  ⏭️  Skipping Science (secondary) - already exists
  ⏭️  Skipping Science (secondary) - already exists
  ⏭️  Skipping Accountancy (secondary) - already exists
  ⏭️  Skipping Hindi (secondary) - already exists
  ⏭️  Skipping Hindi (secondary) - already exists
  ⏭️  Skipping English (secondary) - already exists
  ⏭️  Skipping English (secondary) - already exists
  ⏭️  Skipping Accountancy (secondary) - already exists
  ⏭️  Skipping Biology (secondary) - already exists
  ⏭️  Skipping Business Studies (secondary) - already exists
  ⏭️  Skipping Chemistry (secondary) - already exists
  ⏭️  Skipping Science (secondary) - already exists
  ⏭️  Skipping Economics (secondary) - already exists
  ⏭️  Skipping Geography (secondary) - already exists
  ⏭️  Skipping History (secondary) - already exists
  ⏭️  Skipping Science (secondary) - already exists
  ⏭️  Skipping Mathematics (secondary) - already exists
  ⏭️  Skipping Mathematics (secondary) - already exists
  ⏭️  Skipping Physics (secondary) - already exists
  ⏭️  Skipping Science (secondary) - already exists
  ⏭️  Skipping Psychology (secondary) - already exists
  ⏭️  Skipping Sociology (secondary) - already exists

============================================================
✅ Catalog discovery completed!
   Added/Updated: 0 entries
   Duration: 1896ms
============================================================

  ⚠️  No catalog entry found for Class 8 - Mathematics
  ❌ Fetch and store failed: No PDF URL found in catalog
   ⚠️  Could not load (may not be available)

   Loading: Science...
🔄 Fetching fresh syllabus for Class 8 - Science...
⚠️  Catalog entry not found for Science, triggering discovery...

============================================================
🔍 Discovering CBSE Syllabus Catalog for 2025-26
============================================================

✅ Found curriculum page: https://cbseacademic.nic.in/curriculum_2025.html
📚 Found 28 syllabus PDFs

  ⏭️  Skipping English (secondary) - already exists
  ⏭️  Skipping English (secondary) - already exists
  ⏭️  Skipping Hindi (secondary) - already exists
  ⏭️  Skipping Hindi (secondary) - already exists
  ⏭️  Skipping Mathematics (secondary) - already exists
  ⏭️  Skipping Science (secondary) - already exists
  ⏭️  Skipping Science (secondary) - already exists
  ⏭️  Skipping Science (secondary) - already exists
  ⏭️  Skipping Accountancy (secondary) - already exists
  ⏭️  Skipping Hindi (secondary) - already exists
  ⏭️  Skipping Hindi (secondary) - already exists
  ⏭️  Skipping English (secondary) - already exists
  ⏭️  Skipping English (secondary) - already exists
  ⏭️  Skipping Accountancy (secondary) - already exists
  ⏭️  Skipping Biology (secondary) - already exists
  ⏭️  Skipping Business Studies (secondary) - already exists
  ⏭️  Skipping Chemistry (secondary) - already exists
  ⏭️  Skipping Science (secondary) - already exists
  ⏭️  Skipping Economics (secondary) - already exists
  ⏭️  Skipping Geography (secondary) - already exists
  ⏭️  Skipping History (secondary) - already exists
  ⏭️  Skipping Science (secondary) - already exists
  ⏭️  Skipping Mathematics (secondary) - already exists
  ⏭️  Skipping Mathematics (secondary) - already exists
  ⏭️  Skipping Physics (secondary) - already exists
  ⏭️  Skipping Science (secondary) - already exists
  ⏭️  Skipping Psychology (secondary) - already exists
  ⏭️  Skipping Sociology (secondary) - already exists

============================================================
✅ Catalog discovery completed!
   Added/Updated: 0 entries
   Duration: 1874ms
============================================================

  ⚠️  No catalog entry found for Class 8 - Science
  ❌ Fetch and store failed: No PDF URL found in catalog
   ⚠️  Could not load (may not be available)

   Loading: Social Science...
🔄 Fetching fresh syllabus for Class 8 - Social Science...
⚠️  Catalog entry not found for Social Science, triggering discovery...

============================================================
🔍 Discovering CBSE Syllabus Catalog for 2025-26
============================================================

✅ Found curriculum page: https://cbseacademic.nic.in/curriculum_2025.html
📚 Found 28 syllabus PDFs

  ⏭️  Skipping English (secondary) - already exists
  ⏭️  Skipping English (secondary) - already exists
  ⏭️  Skipping Hindi (secondary) - already exists
  ⏭️  Skipping Hindi (secondary) - already exists
  ⏭️  Skipping Mathematics (secondary) - already exists
  ⏭️  Skipping Science (secondary) - already exists
  ⏭️  Skipping Science (secondary) - already exists
  ⏭️  Skipping Science (secondary) - already exists
  ⏭️  Skipping Accountancy (secondary) - already exists
  ⏭️  Skipping Hindi (secondary) - already exists
  ⏭️  Skipping Hindi (secondary) - already exists
  ⏭️  Skipping English (secondary) - already exists
  ⏭️  Skipping English (secondary) - already exists
  ⏭️  Skipping Accountancy (secondary) - already exists
  ⏭️  Skipping Biology (secondary) - already exists
  ⏭️  Skipping Business Studies (secondary) - already exists
  ⏭️  Skipping Chemistry (secondary) - already exists
  ⏭️  Skipping Science (secondary) - already exists
  ⏭️  Skipping Economics (secondary) - already exists
  ⏭️  Skipping Geography (secondary) - already exists
  ⏭️  Skipping History (secondary) - already exists
  ⏭️  Skipping Science (secondary) - already exists
  ⏭️  Skipping Mathematics (secondary) - already exists
  ⏭️  Skipping Mathematics (secondary) - already exists
  ⏭️  Skipping Physics (secondary) - already exists
  ⏭️  Skipping Science (secondary) - already exists
  ⏭️  Skipping Psychology (secondary) - already exists
  ⏭️  Skipping Sociology (secondary) - already exists

============================================================
✅ Catalog discovery completed!
   Added/Updated: 0 entries
   Duration: 1960ms
============================================================

  ⚠️  No catalog entry found for Class 8 - Social Science
  ❌ Fetch and store failed: No PDF URL found in catalog
   ⚠️  Could not load (may not be available)

======================================================================
📖 Class 9 (5 subjects)
======================================================================

   Loading: English...
   ⏭️  Already loaded (skipping)

   Loading: Hindi...
   ⏭️  Already loaded (skipping)

   Loading: Mathematics...
   ⏭️  Already loaded (skipping)

   Loading: Science...
🔄 Fetching fresh syllabus for Class 9 - Science...
  📥 Fetching PDF (attempt 1/3)...
  🔐 SHA256: 2cfc4073fca60c07...
  📄 Extracting text from PDF...
  ✅ Extracted with PyMuPDF
  ✅ Created new syllabus entry
  🤖 Parsing syllabus structure with AI...
  ✅ Stored 4 topics
  ✅ Syllabus stored successfully (23964ms)
   ✅ Loaded: 17839 chars, 4 topics

   Loading: Social Science...
🔄 Fetching fresh syllabus for Class 9 - Social Science...
⚠️  Catalog entry not found for Social Science, triggering discovery...

============================================================
🔍 Discovering CBSE Syllabus Catalog for 2025-26
============================================================

✅ Found curriculum page: https://cbseacademic.nic.in/curriculum_2025.html
📚 Found 28 syllabus PDFs

  ⏭️  Skipping English (secondary) - already exists
  ⏭️  Skipping English (secondary) - already exists
  ⏭️  Skipping Hindi (secondary) - already exists
  ⏭️  Skipping Hindi (secondary) - already exists
  ⏭️  Skipping Mathematics (secondary) - already exists
  ⏭️  Skipping Science (secondary) - already exists
  ⏭️  Skipping Science (secondary) - already exists
  ⏭️  Skipping Science (secondary) - already exists
  ⏭️  Skipping Accountancy (secondary) - already exists
  ⏭️  Skipping Hindi (secondary) - already exists
  ⏭️  Skipping Hindi (secondary) - already exists
  ⏭️  Skipping English (secondary) - already exists
  ⏭️  Skipping English (secondary) - already exists
  ⏭️  Skipping Accountancy (secondary) - already exists
  ⏭️  Skipping Biology (secondary) - already exists
  ⏭️  Skipping Business Studies (secondary) - already exists
  ⏭️  Skipping Chemistry (secondary) - already exists
  ⏭️  Skipping Science (secondary) - already exists
  ⏭️  Skipping Economics (secondary) - already exists
  ⏭️  Skipping Geography (secondary) - already exists
  ⏭️  Skipping History (secondary) - already exists
  ⏭️  Skipping Science (secondary) - already exists
  ⏭️  Skipping Mathematics (secondary) - already exists
  ⏭️  Skipping Mathematics (secondary) - already exists
  ⏭️  Skipping Physics (secondary) - already exists
  ⏭️  Skipping Science (secondary) - already exists
  ⏭️  Skipping Psychology (secondary) - already exists
  ⏭️  Skipping Sociology (secondary) - already exists

============================================================
✅ Catalog discovery completed!
   Added/Updated: 0 entries
   Duration: 1962ms
============================================================

  ⚠️  No catalog entry found for Class 9 - Social Science
  ❌ Fetch and store failed: No PDF URL found in catalog
   ⚠️  Could not load (may not be available)

======================================================================
📖 Class 10 (5 subjects)
======================================================================

   Loading: English...
🔄 Fetching fresh syllabus for Class 10 - English...
  📥 Fetching PDF (attempt 1/3)...
  🔐 SHA256: d9546ac53eae9ec5...
  📄 Extracting text from PDF...
  ✅ Extracted with PyMuPDF
  ✅ Created new syllabus entry
  🤖 Parsing syllabus structure with AI...
  ✅ Stored 5 topics
  ✅ Syllabus stored successfully (11666ms)
   ✅ Loaded: 22280 chars, 5 topics

   Loading: Hindi...
🔄 Fetching fresh syllabus for Class 10 - Hindi...
  📥 Fetching PDF (attempt 1/3)...
  🔐 SHA256: fde36fa4c29f2605...
  📄 Extracting text from PDF...
  ✅ Extracted with PyMuPDF
  ✅ Created new syllabus entry
  🤖 Parsing syllabus structure with AI...
  ✅ Stored 3 topics
  ✅ Syllabus stored successfully (10648ms)
   ✅ Loaded: 24472 chars, 3 topics

   Loading: Mathematics...
   ⏭️  Already loaded (skipping)

   Loading: Science...
🔄 Fetching fresh syllabus for Class 10 - Science...
  📥 Fetching PDF (attempt 1/3)...
  🔐 SHA256: 2cfc4073fca60c07...
  📄 Extracting text from PDF...
  ✅ Extracted with PyMuPDF
  ✅ Created new syllabus entry
  🤖 Parsing syllabus structure with AI...
  ✅ Stored 9 topics
  ✅ Syllabus stored successfully (23898ms)
   ✅ Loaded: 17839 chars, 9 topics

   Loading: Social Science...
🔄 Fetching fresh syllabus for Class 10 - Social Science...
⚠️  Catalog entry not found for Social Science, triggering discovery...

============================================================
🔍 Discovering CBSE Syllabus Catalog for 2025-26
============================================================

✅ Found curriculum page: https://cbseacademic.nic.in/curriculum_2025.html
📚 Found 28 syllabus PDFs

  ⏭️  Skipping English (secondary) - already exists
  ⏭️  Skipping English (secondary) - already exists
  ⏭️  Skipping Hindi (secondary) - already exists
  ⏭️  Skipping Hindi (secondary) - already exists
  ⏭️  Skipping Mathematics (secondary) - already exists
  ⏭️  Skipping Science (secondary) - already exists
  ⏭️  Skipping Science (secondary) - already exists
  ⏭️  Skipping Science (secondary) - already exists
  ⏭️  Skipping Accountancy (secondary) - already exists
  ⏭️  Skipping Hindi (secondary) - already exists
  ⏭️  Skipping Hindi (secondary) - already exists
  ⏭️  Skipping English (secondary) - already exists
  ⏭️  Skipping English (secondary) - already exists
  ⏭️  Skipping Accountancy (secondary) - already exists
  ⏭️  Skipping Biology (secondary) - already exists
  ⏭️  Skipping Business Studies (secondary) - already exists
  ⏭️  Skipping Chemistry (secondary) - already exists
  ⏭️  Skipping Science (secondary) - already exists
  ⏭️  Skipping Economics (secondary) - already exists
  ⏭️  Skipping Geography (secondary) - already exists
  ⏭️  Skipping History (secondary) - already exists
  ⏭️  Skipping Science (secondary) - already exists
  ⏭️  Skipping Mathematics (secondary) - already exists
  ⏭️  Skipping Mathematics (secondary) - already exists
  ⏭️  Skipping Physics (secondary) - already exists
  ⏭️  Skipping Science (secondary) - already exists
  ⏭️  Skipping Psychology (secondary) - already exists
  ⏭️  Skipping Sociology (secondary) - already exists

============================================================
✅ Catalog discovery completed!
   Added/Updated: 0 entries
   Duration: 2003ms
============================================================

  ⚠️  No catalog entry found for Class 10 - Social Science
  ❌ Fetch and store failed: No PDF URL found in catalog
   ⚠️  Could not load (may not be available)

======================================================================
📊 FINAL SUMMARY
======================================================================
✅ Successfully loaded: 4
⏭️  Already existed: 4
❌ Failed/Unavailable: 35
⏱️  Total time: 141.2 seconds (2.4 minutes)
======================================================================

📚 Total Syllabi in Database: 8

Breakdown by Class:

   Class 10:
      - English (184)
      - Hindi 
      - Mathematics (041)
      - Science (086)

   Class 9:
      - English (184)
      - Hindi 
      - Mathematics (041)
      - Science (086)

✅ All syllabi loaded successfully!
======================================================================
